
> blackbuck-dashboard@0.1.0 build
> next build

Ôû▓ Next.js 16.2.1 (Turbopack)
- Environments: .env.local

  Creating an optimized production build ...
Ô£ô Compiled successfully in 98s
  Running TypeScript ...
node.exe : Failed to type check.
At line:1 char:1
+ & "C:\Program 
Files\nodejs/node.exe" "C:\Program 
Files\nodejs/node_mo ...
+ ~~~~~~~~~~~~~~~~~~~~~~~~~~~~~~~~~~~
~~~~~~~~~~~~~~~~~~~~~~~~~~~~~~~~~~
    + CategoryInfo          : NotSpe 
   cified: (Failed to type check.:S  
  tring) [], RemoteException
    + FullyQualifiedErrorId : Native 
   CommandError
 

./app/analytics/page.tsx:111:21
Type error: Type '"primary"' is not 
assignable to type '"default" | 
"secondary" | "link" | "destructive" 
| "outline" | "ghost" | "pill" | 
null | undefined'.

  [90m109 |[0m               
<[33mDownload[0m 
size={[35m14[0m} /> [33mCSV[0m
  [90m110 |[0m             
</[33mButton[0m>
[31m[1m>[0m [90m111 |[0m        
     <[33mButton[0m 
variant=[32m"primary"[0m 
size=[32m"sm"[0m 
className=[32m"h-9 gap-1.5 text-xs 
font-bold ...[0m
  [90m    |[0m                     
[31m[1m^[0m
  [90m112 |[0m               
<[33mDownload[0m 
size={[35m14[0m} /> [33mEXCEL[0m 
[33mREPORT[0m
  [90m113 |[0m             
</[33mButton[0m>
  [90m114 |[0m           </div>
Next.js build worker exited with 
code: 1 and signal: null
